####################################################################
# report_annotated_parasitics: Wed Mar  5 15:20:22 2025
#   view: default_emulate_view
#   -list_not_annotated
####################################################################
#
# list syntax: type: net_name [nrCap Cap nrXCap XCap nrRes Res]
# unit: pF, Ohm

# Summary of Annotated Parasitics:
+------------------------------------------------------------------------------+
|    Net Type         |    Count   |   Annotated (%)     | Not Annotated (%)   |
+---------------------+------------+---------------------+---------------------+
| total               |        437 |        410 93.82%   |         27  6.18%   |
+---------------------+------------+---------------------+---------------------+
| 0-term:floating (*) |          2 |          0  0.00%   |          2 100.00%   |
| 1-term:no load      |          1 |          0  0.00%   |          1 100.00%   |
| real net (complete) |        434 |        410 94.47%   |         24  5.53%   |
| real net (broken)   |          0 |          0  0.00%   |          0  0.00%   |
| zero capacitance net|          0 |          0  0.00%   |          0  0.00%   |
+------------------------------------------------------------------------------+
Note for Net Types marked "(*)":  Such nets are never timed, but reported here for informational purpose.

+-----------------------------------------------------------------+
| Annotated |    Res (KOhm)   |    Cap (pF)     |    XCap (pF)    |
+-----------+-----------------+-----------------+-----------------+
| Count     |          7550   |          6486   |             0   |
| Value     |       27.5076   |        6.1892   |        0.0000   |
+-----------------------------------------------------------------+
